// Jest Snapshot v1, https://goo.gl/fbAQLP

exports[`COMPONENT TEST FOR EDIT EXPENSE PAGE - sec009a_CLS_edit_expense_page.jsx should render edit_expense_page correctly 1`] = `
<span>
  <br />
  <div>
    Editing the expense with an id of 
    .
  </div>
  <br />
  <CLS_expense_form
    buttonLabel="EDIT EXPENSE"
    expense={
      Object {
        "amount": 4500,
        "createdAt": 345600000,
        "description": "credit card",
        "id": "3",
        "note": "",
      }
    }
    onExpenseSubmit={[Function]}
  />
  <button
    id="BTN_remove_expense"
    onClick={[Function]}
  >
    REMOVE
  </button>
</span>
`;
